<?xml version="1.0" encoding="UTF-8"?>
<testsuites name="jest tests" tests="4" failures="0" time="3.132">
  <testsuite name="undefined" errors="0" failures="0" skipped="0" timestamp="2021-06-13T11:20:16" time="2.33" tests="4">
    <testcase classname=" initial UI is rendered as expected" name=" initial UI is rendered as expected" time="0.038">
    </testcase>
    <testcase classname=" search is made on by clicking on search button and no results found" name=" search is made on by clicking on search button and no results found" time="0.046">
    </testcase>
    <testcase classname=" search is made on by clicking on search button and result found - test 1" name=" search is made on by clicking on search button and result found - test 1" time="0.019">
    </testcase>
    <testcase classname=" search is made on by clicking on search button and result found - test 2" name=" search is made on by clicking on search button and result found - test 2" time="0.025">
    </testcase>
  </testsuite>
</testsuites>